###############################################################################
#
# IAR ELF Linker V8.40.2.214/W32 for ARM                  09/Jun/2020  00:29:48
# Copyright 2007-2019 IAR Systems AB.
#
#    Output file  =  C:\GitHub\CortexLib\rtos\Debug\Exe\rtos.out
#    Map file     =  C:\GitHub\CortexLib\rtos\Debug\List\rtos.map
#    Command line =
#        -f C:\Users\Serge\AppData\Local\Temp\EW2FB5.tmp
#        (C:\GitHub\CortexLib\rtos\Debug\Obj\criticalsection.o
#        C:\GitHub\CortexLib\rtos\Debug\Obj\interrupthandlers.o
#        C:\GitHub\CortexLib\rtos\Debug\Obj\main.o
#        C:\GitHub\CortexLib\rtos\Debug\Obj\startup.o
#        C:\GitHub\CortexLib\rtos\Debug\Obj\taskerschedule.o --no_out_extension
#        -o C:\GitHub\CortexLib\rtos\Debug\Exe\rtos.out --redirect
#        _Printf=_PrintfFullNoMb --redirect _Scanf=_ScanfFullNoMb --map
#        C:\GitHub\CortexLib\rtos\Debug\List\rtos.map --config "C:\Program
#        Files (x86)\IAR Systems\Embedded Workbench
#        8.3\arm\config\linker\ST\stm32f411xE.icf" --semihosting --entry
#        __iar_program_start --no_exceptions --vfe --text_out locale)
#
###############################################################################

*******************************************************************************
*** RUNTIME MODEL ATTRIBUTES
***

CppFlavor        = *
__CPP_Exceptions = Disabled
__CPP_Language   = C++14
__Heap_Handler   = Basic
__SystemLibrary  = DLib
__dlib_version   = 6


*******************************************************************************
*** HEAP SELECTION
***

The basic heap was selected because no calls to memory allocation
functions were found in the application outside of system library
functions, and there are calls to deallocation functions in the
application.


*******************************************************************************
*** PLACEMENT SUMMARY
***

"A0":  place at address 0x800'0000 { ro section .intvec };
"P1":  place in [from 0x800'0000 to 0x807'ffff] { ro };
define block CSTACK with size = 8K, alignment = 8 { };
define block HEAP with size = 8K, alignment = 8 { };
"P2":  place in [from 0x2000'0000 to 0x2001'ffff] {
          rw, block CSTACK, block HEAP };
initialize by copy { rw };

  Section            Kind         Address    Size  Object
  -------            ----         -------    ----  ------
"A0":                                       0x1bc
  .intvec            const     0x800'0000   0x1bc  startup.o [1]
                             - 0x800'01bc   0x1bc

"P1":                                       0x3ec
  .text              ro code   0x800'01bc   0x110  taskerschedule.o [1]
  .text              ro code   0x800'02cc    0x38  taskerschedule.o [1]
  .text              ro code   0x800'0304    0x38  taskerschedule.o [1]
  .text              ro code   0x800'033c    0x16  criticalsection.o [1]
  .rodata            const     0x800'0352     0x1  unwind_debug.o [6]
  .text              ro code   0x800'0354    0xa4  startup.o [1]
  .text              ro code   0x800'03f8    0x78  main.o [1]
  CODE               ro code   0x800'0470    0x38  interrupthandlers.o [1]
  .text              ro code   0x800'04a8    0x38  packbits_init_single.o [5]
  .text              ro code   0x800'04e0    0x28  data_init.o [5]
  .text              ro code   0x800'0508    0x22  fpinit_M.o [4]
  .iar.init_table    const     0x800'052c    0x10  - Linker created -
  .text              ro code   0x800'053c    0x1e  cmain.o [5]
  .text              ro code   0x800'055a     0x4  exit.o [2]
  .text              ro code   0x800'0560     0xa  cexit.o [5]
  .text              ro code   0x800'056c    0x14  exit.o [6]
  .text              ro code   0x800'0580    0x14  startup.o [1]
  .text              ro code   0x800'0594     0x4  taskerschedule.o [1]
  .rodata            const     0x800'0598     0x0  packbits_init_single.o [5]
  Initializer bytes  const     0x800'0598    0x10  <for P2-1>
                             - 0x800'05a8   0x3ec

"P2", part 1 of 2:                           0x1b
  P2-1                        0x2000'0000    0x1b  <Init block>
    .data            inited   0x2000'0000     0x4  startup.o [1]
    .data            inited   0x2000'0004     0x4  startup.o [1]
    .data            inited   0x2000'0008     0x4  taskerschedule.o [1]
    .bss             inited   0x2000'000c     0x4  taskerschedule.o [1]
    .bss             inited   0x2000'0010     0x2  taskerschedule.o [1]
    .bss             inited   0x2000'0012     0x2  taskerschedule.o [1]
    .bss             inited   0x2000'0014     0x2  taskerschedule.o [1]
    .bss             inited   0x2000'0016     0x2  taskerschedule.o [1]
    .data            inited   0x2000'0018     0x1  taskerschedule.o [1]
    .data            inited   0x2000'0019     0x1  taskerschedule.o [1]
    .bss             inited   0x2000'001a     0x1  main.o [1]
                            - 0x2000'001b    0x1b

"P2", part 2 of 2:                         0x2000
  CSTACK                      0x2000'0020  0x2000  <Block>
    CSTACK           uninit   0x2000'0020  0x2000  <Block tail>
                            - 0x2000'2020  0x2000

Unused ranges:

         From           To      Size
         ----           --      ----
   0x800'05a8   0x807'ffff  0x7'fa58
  0x2000'001b  0x2000'001f       0x5
  0x2000'2020  0x2001'ffff  0x1'dfe0


*******************************************************************************
*** INIT TABLE
***

          Address      Size
          -------      ----
Copy/packbits (__iar_packbits_init_single3)
    1 source range, total size 0x10 (59% of destination):
           0x800'0598  0x10
    1 destination range, total size 0x1b:
          0x2000'0000  0x1b



*******************************************************************************
*** MODULE SUMMARY
***

    Module                  ro code  ro data  rw data
    ------                  -------  -------  -------
command line/config:
    -------------------------------------------------
    Total:

C:\GitHub\CortexLib\rtos\Debug\Obj: [1]
    criticalsection.o            22
    interrupthandlers.o          56
    main.o                      120        1        1
    startup.o                   184      448        8
    taskerschedule.o            388       11       18
    -------------------------------------------------
    Total:                      770      460       27

dl7M_tln.a: [2]
    exit.o                        4
    -------------------------------------------------
    Total:                        4

dlpp7M_tl_nc.a: [3]
    -------------------------------------------------
    Total:

m7M_tls.a: [4]
    fpinit_M.o                   34
    -------------------------------------------------
    Total:                       34

rt7M_tl.a: [5]
    cexit.o                      10
    cmain.o                      30
    data_init.o                  40
    packbits_init_single.o       56
    -------------------------------------------------
    Total:                      136

shb_l.a: [6]
    exit.o                       20
    unwind_debug.o                         1
    -------------------------------------------------
    Total:                       20        1

    Gaps                          5        2
    Linker created                        16    8'192
-----------------------------------------------------
    Grand Total:                969      479    8'219


*******************************************************************************
*** ENTRY LIST
***

Entry                       Address   Size  Type      Object
-----                       -------   ----  ----      ------
.iar.init_table$$Base    0x800'052c          --   Gb  - Linker created -
.iar.init_table$$Limit   0x800'053c          --   Gb  - Linker created -
?main                    0x800'053d         Code  Gb  cmain.o [5]
CSTACK$$Base            0x2000'0020          --   Gb  - Linker created -
CSTACK$$Limit           0x2000'2020          --   Gb  - Linker created -
CriticalSection::CriticalSection()
                         0x800'033d    0x2  Code  Gb  criticalsection.o [1]
CriticalSection::~CriticalSection()
                         0x800'0349    0x2  Code  Gb  criticalsection.o [1]
DummyModule::HandleInterrupt()
                         0x800'0581    0x2  Code  Gb  startup.o [1]
HandlePendSv             0x800'0471         Code  Gb  interrupthandlers.o [1]
HandleSvc                0x800'048d         Code  Gb  interrupthandlers.o [1]
Region$$Table$$Base      0x800'052c          --   Gb  - Linker created -
Region$$Table$$Limit     0x800'053c          --   Gb  - Linker created -
Schedule                 0x800'0595    0x4  Code  Gb  taskerschedule.o [1]
TaskBase<IdleTask>::events
                        0x2000'0016    0x2  Data  Gb  taskerschedule.o [1]
TaskBase<TargetThread>::events
                        0x2000'0010    0x2  Data  Gb  taskerschedule.o [1]
TaskBase<Thread1<myTasker, targetThread>>::events
                        0x2000'0012    0x2  Data  Gb  taskerschedule.o [1]
TaskBase<Thread2<myTasker, targetThread>>::events
                        0x2000'0014    0x2  Data  Gb  taskerschedule.o [1]
Tasker<targetThread, myThread1, myThread2, idleTask>::GetFirstActiveTaskId()
                         0x800'02cd   0x38  Code  Gb  taskerschedule.o [1]
Tasker<targetThread, myThread1, myThread2, idleTask>::Schedule()
                         0x800'01bd  0x110  Code  Gb  taskerschedule.o [1]
Tasker<targetThread, myThread1, myThread2, idleTask>::activeTaskId
                        0x2000'0008    0x4  Data  Gb  taskerschedule.o [1]
Tasker<targetThread, myThread1, myThread2, idleTask>::preempted
                        0x2000'0018    0x1  Data  Gb  taskerschedule.o [1]
Tasker<targetThread, myThread1, myThread2, idleTask>::scheduleLockedCounter
                        0x2000'0019    0x1  Data  Gb  taskerschedule.o [1]
Tasker<targetThread, myThread1, myThread2, idleTask>::status
                        0x2000'001a    0x1  Data  Gb  main.o [1]
TaskerTimer<myThread1, (unsigned int)1000, (unsigned int)1001, (unsigned short)1, myTasker>::ticksRemain
                        0x2000'0000    0x4  Data  Gb  startup.o [1]
TaskerTimer<myThread2, (unsigned int)1000, (unsigned int)1000, (unsigned short)1, myTasker>::ticksRemain
                        0x2000'0004    0x4  Data  Gb  startup.o [1]
TaskerTimerService<myTasker, TaskerTimer<myThread1, (unsigned int)1000, (unsigned int)1001, (unsigned short)1, myTasker>, TaskerTimer<myThread2, (unsigned int)1000, (unsigned int)1000, (unsigned short)1, myTasker>>::OnSystemTick()
                         0x800'0355   0xa4  Code  Gb  startup.o [1]
Thread2<myTasker, targetThread>::test
                        0x2000'000c    0x4  Data  Gb  taskerschedule.o [1]
__cmain                  0x800'053d         Code  Gb  cmain.o [5]
__exit                   0x800'056d   0x14  Code  Gb  exit.o [6]
__iar_data_init3         0x800'04e1   0x28  Code  Gb  data_init.o [5]
__iar_debug_exceptions   0x800'0352    0x1  Data  Gb  unwind_debug.o [6]
__iar_init_vfp           0x800'0509         Code  Gb  fpinit_M.o [4]
__iar_packbits_init_single3
                         0x800'04a9   0x38  Code  Gb  packbits_init_single.o [5]
__iar_program_start      0x800'0583   0x12  Code  Gb  startup.o [1]
__low_level_init         0x800'03f9   0x34  Code  Gb  main.o [1]
__vector_table           0x800'0000  0x1bc  Data  Gb  startup.o [1]
_call_main               0x800'0549         Code  Gb  cmain.o [5]
_exit                    0x800'0561         Code  Gb  cexit.o [5]
_main                    0x800'0557         Code  Gb  cmain.o [5]
exit                     0x800'055b    0x4  Code  Gb  exit.o [2]
main                     0x800'042d   0x2a  Code  Gb  main.o [1]
void Tasker<targetThread, myThread1, myThread2, idleTask>::PostEvent<targetThread>(unsigned short)
                         0x800'0305   0x38  Code  Gb  taskerschedule.o [1]


[1] = C:\GitHub\CortexLib\rtos\Debug\Obj
[2] = dl7M_tln.a
[3] = dlpp7M_tl_nc.a
[4] = m7M_tls.a
[5] = rt7M_tl.a
[6] = shb_l.a

    969 bytes of readonly  code memory
    479 bytes of readonly  data memory
  8'219 bytes of readwrite data memory

Errors: none
Warnings: none
