###############################################################################
#
# IAR ANSI C/C++ Compiler V8.40.2.214/W32 for ARM         27/May/2021  17:34:20
# Copyright 1999-2019 IAR Systems AB.
#
#    Cpu mode     =  
#    Endian       =  little
#    Source file  =
#        C:\IAR
#        Proj\NEW6\KursovoyKarcas\RtosWrapper\AHardware\IrqController\irqcontroller.cpp
#    Command line =
#        -f C:\Users\super\AppData\Local\Temp\EWAE6F.tmp ("C:\IAR
#        Proj\NEW6\KursovoyKarcas\RtosWrapper\AHardware\IrqController\irqcontroller.cpp"
#        -lC "C:\IAR Proj\NEW6\KursovoyKarcas\RtosWrapper\Debug\List" -lA
#        "C:\IAR Proj\NEW6\KursovoyKarcas\RtosWrapper\Debug\List" -o "C:\IAR
#        Proj\NEW6\KursovoyKarcas\RtosWrapper\Debug\Obj" --no_cse --no_unroll
#        --no_inline --no_code_motion --no_tbaa --no_clustering --no_scheduling
#        --debug --endian=little --cpu=Cortex-M4 -e --fpu=VFPv4_sp
#        --dlib_config D:\Games\IAR\arm\inc\c\DLib_Config_Normal.h -I "C:\IAR
#        Proj\NEW6\KursovoyKarcas\RtosWrapper\Rtos\" -I "C:\IAR
#        Proj\NEW6\KursovoyKarcas\RtosWrapper\Rtos\wrapper\" -I "C:\IAR
#        Proj\NEW6\KursovoyKarcas\RtosWrapper\Rtos\wrapper\FreeRtos\" -I
#        "C:\IAR Proj\NEW6\KursovoyKarcas\RtosWrapper\Rtos\FreeRtos\" -I
#        "C:\IAR Proj\NEW6\KursovoyKarcas\RtosWrapper\Rtos\FreeRtos\include\"
#        -I "C:\IAR
#        Proj\NEW6\KursovoyKarcas\RtosWrapper\Rtos\FreeRtos\portable\" -I
#        "C:\IAR
#        Proj\NEW6\KursovoyKarcas\RtosWrapper\Rtos\FreeRtos\portable\Common\"
#        -I "C:\IAR
#        Proj\NEW6\KursovoyKarcas\RtosWrapper\Rtos\FreeRtos\portable\IAR\" -I
#        "C:\IAR
#        Proj\NEW6\KursovoyKarcas\RtosWrapper\Rtos\FreeRtos\portable\IAR\ARM_CM4F\"
#        -I "C:\IAR
#        Proj\NEW6\KursovoyKarcas\RtosWrapper\Rtos\FreeRtos\portable\MemMang\"
#        -I "C:\IAR Proj\NEW6\KursovoyKarcas\RtosWrapper\MyTasks\" -I "C:\IAR
#        Proj\NEW6\KursovoyKarcas\RtosWrapper\Common\" -I "C:\IAR
#        Proj\NEW6\KursovoyKarcas\RtosWrapper\CMSIS\" -I "C:\IAR
#        Proj\NEW6\KursovoyKarcas\RtosWrapper\Application\" -I "C:\IAR
#        Proj\NEW6\KursovoyKarcas\RtosWrapper\Application\Diagnostic\" -I
#        "C:\IAR Proj\NEW6\KursovoyKarcas\RtosWrapper\AHardware\" -I "C:\IAR
#        Proj\NEW6\KursovoyKarcas\RtosWrapper\AHardware\GpioPort\" -I "C:\IAR
#        Proj\NEW6\KursovoyKarcas\RtosWrapper\AHardware\IrqController\" -I
#        "C:\IAR
#        Proj\NEW6\KursovoyKarcas\RtosWrapper\..\CortexLib\AbstractHardware\Pin\"
#        -I "C:\IAR
#        Proj\NEW6\KursovoyKarcas\RtosWrapper\..\CortexLib\AbstractHardware\Registers\STM32F411\FieldValues\"
#        -I "C:\IAR
#        Proj\NEW6\KursovoyKarcas\RtosWrapper\..\CortexLib\AbstractHardware\Registers\STM32F411\"
#        -I "C:\IAR
#        Proj\NEW6\KursovoyKarcas\RtosWrapper\..\CortexLib\AbstractHardware\Registers\"
#        -I "C:\IAR
#        Proj\NEW6\KursovoyKarcas\RtosWrapper\..\CortexLib\AbstractHardware\Port\"
#        -I "C:\IAR
#        Proj\NEW6\KursovoyKarcas\RtosWrapper\..\CortexLib\AbstractHardware\Atomic\"
#        -I "C:\IAR Proj\NEW6\KursovoyKarcas\RtosWrapper\..\CortexLib\Common\"
#        -I "C:\IAR
#        Proj\NEW6\KursovoyKarcas\RtosWrapper\..\CortexLib\Common\Singleton\"
#        -I "C:\IAR
#        Proj\NEW6\KursovoyKarcas\RtosWrapper\..\CortexLib\Common\RomObject\"
#        -I "C:\IAR Proj\NEW6\KursovoyKarcas\RtosWrapper\USART\" -I "C:\IAR
#        Proj\NEW6\KursovoyKarcas\RtosWrapper\Common\" -I "C:\IAR
#        Proj\NEW6\KursovoyKarcas\RtosWrapper\AHardware\Registers\" -I "C:\IAR
#        Proj\NEW6\KursovoyKarcas\RtosWrapper\AHardware\Registers\STM32F411\FieldValues\"
#        -I "C:\IAR
#        Proj\NEW6\KursovoyKarcas\RtosWrapper\AHardware\Registers\STM32F411\"
#        -I "C:\IAR Proj\NEW6\KursovoyKarcas\RtosWrapper\AHardware\SPI\" -I
#        "C:\IAR Proj\NEW6\KursovoyKarcas\RtosWrapper\AHardware\BME280Driver\"
#        -Ol --c++ --no_exceptions --no_rtti)
#    Locale       =  C
#    List file    =
#        C:\IAR
#        Proj\NEW6\KursovoyKarcas\RtosWrapper\Debug\List\irqcontroller.lst
#    Object file  =
#        C:\IAR Proj\NEW6\KursovoyKarcas\RtosWrapper\Debug\Obj\irqcontroller.o
#
###############################################################################

C:\IAR Proj\NEW6\KursovoyKarcas\RtosWrapper\AHardware\IrqController\irqcontroller.cpp
      1          //
      2          // Created by Sergey on 27.08.2018.
      3          //
      4          #include "irqcontroller.hpp"
      5          #include "tim2registers.hpp"

   \                                 In section .text, align 4
   \   __interwork __vfp void FieldValueBase<TIM2_SR_UIF_Values<TIM2::SR, 0U, 1U, ReadWriteMode, TIM2::TIM2SRBase>, TIM2::TIM2SRBase, 0U>::Set<ReadWriteMode, void>()
   \                     _ZN14FieldValueBaseI18TIM2_SR_UIF_ValuesIN4TIM22SRELj0ELj1E13ReadWriteModeNS1_10TIM2SRBaseEES4_Lj0EE3SetIS3_vEEvv: (+1)
   \        0x0   0x4902             LDR.N    R1,??Set_0       ;; 0x40000010
   \        0x2   0x6808             LDR      R0,[R1, #+0]
   \        0x4   0x0840             LSRS     R0,R0,#+1
   \        0x6   0x0040             LSLS     R0,R0,#+1
   \        0x8   0x6008             STR      R0,[R1, #+0]
   \        0xA   0x4770             BX       LR               ;; return
   \                     ??Set_0:
   \        0xC   0x4000'0010        DC32     0x40000010

   \                                 In section .text, align 2, keep-with-next
      6          void IrqController::HandleIrqExtiLine15_10()
      7          {
      8            
      9          }
   \                     _ZN13IrqController22HandleIrqExtiLine15_10Ev: (+1)
   \        0x0   0x4770             BX       LR               ;; return
     10          

   \                                 In section .text, align 2, keep-with-next
     11          void IrqController::HandleIrqTim2()
     12          {
   \                     _ZN13IrqController13HandleIrqTim2Ev: (+1)
   \        0x0   0xB580             PUSH     {R7,LR}
     13              TIM2::SR::UIF::NoUpdate::Set();
   \        0x2   0x....'....        BL       _ZN14FieldValueBaseI18TIM2_SR_UIF_ValuesIN4TIM22SRELj0ELj1E13ReadWriteModeNS1_10TIM2SRBaseEES4_Lj0EE3SetIS3_vEEvv
     14          
     15          }
   \        0x6   0xBD01             POP      {R0,PC}          ;; return

   Maximum stack usage in bytes:

   .cstack Function
   ------- --------
       0   FieldValueBase<TIM2_SR_UIF_Values<TIM2::SR, 0U, 1U, ReadWriteMode, TIM2::TIM2SRBase>, TIM2::TIM2SRBase, 0U>::Set<ReadWriteMode, void>()
       0   IrqController::HandleIrqExtiLine15_10()
       8   IrqController::HandleIrqTim2()
         8   -> FieldValueBase<TIM2_SR_UIF_Values<TIM2::SR, 0U, 1U, ReadWriteMode, TIM2::TIM2SRBase>, TIM2::TIM2SRBase, 0U>::Set<ReadWriteMode, void>()


   Section sizes:

   Bytes  Function/Label
   -----  --------------
      16  FieldValueBase<TIM2_SR_UIF_Values<TIM2::SR, 0U, 1U, ReadWriteMode, TIM2::TIM2SRBase>, TIM2::TIM2SRBase, 0U>::Set<ReadWriteMode, void>()
       2  IrqController::HandleIrqExtiLine15_10()
       8  IrqController::HandleIrqTim2()

 
 26 bytes in section .text
 
 10 bytes of CODE memory (+ 16 bytes shared)

Errors: none
Warnings: none
